  0.1405398222    
   4.321314654    
   7.727413021    
   5.556992801    
   2.437567441    
  0.8431664260    
  0.2328358265    
  0.6775361069E-01
  0.1791044654E-01
  0.4361688611E-02
  0.1064945252E-02
  0.2699386605E-03
  0.7463912334E-04
  0.2399059304E-04
  0.4756519047E-05
