 
Species :    1 (Bi)
 atom    1 is equivalent to atom(s)
   1   2
 atom    2 is equivalent to atom(s)
   1   2
