 
Species :    1 (Bi), atom :    1
 n =  1, l =  0, k =  1 :   -3323.707276    
 n =  2, l =  0, k =  1 :   -596.3948631    
 n =  2, l =  1, k =  1 :   -573.0915682    
 n =  2, l =  1, k =  2 :   -487.9140009    
 n =  3, l =  0, k =  1 :   -143.6490836    
 n =  3, l =  1, k =  1 :   -133.1099645    
 n =  3, l =  1, k =  2 :   -114.0415500    
 n =  3, l =  2, k =  2 :   -96.73952839    
 n =  3, l =  2, k =  3 :   -92.69464147    
 n =  4, l =  0, k =  1 :   -32.65433189    
 n =  4, l =  1, k =  1 :   -28.07504807    
 n =  4, l =  1, k =  2 :   -23.36620825    
 n =  4, l =  2, k =  2 :   -15.91069777    
 n =  4, l =  2, k =  3 :   -15.03191505    
 n =  4, l =  3, k =  3 :   -5.344691250    
 n =  4, l =  3, k =  4 :   -5.142728433    
 n =  5, l =  0, k =  1 :   -5.419076127    
 n =  5, l =  1, k =  1 :   -3.825834606    
 n =  5, l =  1, k =  2 :   -2.910598635    
 
Species :    1 (Bi), atom :    2
 n =  1, l =  0, k =  1 :   -3323.707276    
 n =  2, l =  0, k =  1 :   -596.3948631    
 n =  2, l =  1, k =  1 :   -573.0915682    
 n =  2, l =  1, k =  2 :   -487.9140009    
 n =  3, l =  0, k =  1 :   -143.6490836    
 n =  3, l =  1, k =  1 :   -133.1099645    
 n =  3, l =  1, k =  2 :   -114.0415500    
 n =  3, l =  2, k =  2 :   -96.73952839    
 n =  3, l =  2, k =  3 :   -92.69464147    
 n =  4, l =  0, k =  1 :   -32.65433189    
 n =  4, l =  1, k =  1 :   -28.07504807    
 n =  4, l =  1, k =  2 :   -23.36620825    
 n =  4, l =  2, k =  2 :   -15.91069777    
 n =  4, l =  2, k =  3 :   -15.03191505    
 n =  4, l =  3, k =  3 :   -5.344691250    
 n =  4, l =  3, k =  4 :   -5.142728433    
 n =  5, l =  0, k =  1 :   -5.419076127    
 n =  5, l =  1, k =  1 :   -3.825834606    
 n =  5, l =  1, k =  2 :   -2.910598635    
