   10.51914303    
   11.25731563    
   9.637130041    
   10.52466612    
   11.32496179    
   11.79677151    
   11.93956139    
   11.98203994    
   11.98823635    
   11.98914038    
   11.98862876    
   11.98848974    
   11.98848976    
   11.98849070    
   11.98849165    
   11.98849185    
   11.98849183    
