    0.331483738246E-02
    0.777331718855E-02
    0.800763077109E-02
    0.349994342867E-02
    0.419377313324E-02
    0.437831555077E-02
    0.440677684997E-02
    0.440331248783E-02
    0.439490536569E-02
    0.439462698718E-02
    0.439458059682E-02
    0.439455501609E-02
    0.439454525128E-02
    0.439453765203E-02
    0.439453566620E-02
    0.439453511267E-02
    0.439453498702E-02
