 
scale
 1.0
 
scale1
 1.0
 
scale2
 1.0
 
scale3
 1.0
 
avec
   4.295356290       7.439775331       0.000000000    
   8.590712580       0.000000000       0.000000000    
  0.8881784197E-15   4.959850221      -7.471992420    
 
atoms
   1                                    : nspecies
'Bi.in'                                 : spfname
   2                                    : natoms; atpos, bfcmt below
    0.46778000    0.26611000    0.29833000    0.00000000  0.00000000  0.00000000
   -0.46778000   -0.26611000   -0.29833000    0.00000000  0.00000000  0.00000000
