 
+----------------------------+
| Real-space lattice vectors |
+----------------------------+
 
vector a1 :    4.295356290       7.439775331       0.000000000    
vector a2 :    8.590712580       0.000000000       0.000000000    
vector a3 :   0.8881784197E-15   4.959850221      -7.471992420    
 
Stored column-wise as a matrix :
   4.295356290       8.590712580      0.8881784197E-15
   7.439775331       0.000000000       4.959850221    
   0.000000000       0.000000000      -7.471992420    
 
Inverse of matrix :
   0.000000000      0.1344126611      0.8922207481E-01
  0.1164047791     -0.6720633053E-01 -0.4461103741E-01
   0.000000000       0.000000000     -0.1338331122    
 
Unit cell volume :    477.5572388    
 
 
+----------------------------------+
| Reciprocal-space lattice vectors |
+----------------------------------+
 
vector b1 :    0.000000000      0.8445396571      0.5605988296    
vector b2 :   0.7313927976     -0.4222698286     -0.2802994148    
vector b3 :    0.000000000       0.000000000     -0.8408982443    
 
Stored column-wise as a matrix :
   0.000000000      0.7313927976       0.000000000    
  0.8445396571     -0.4222698286       0.000000000    
  0.5605988296     -0.2802994148     -0.8408982443    
 
Inverse of matrix :
  0.6836271859       1.184077019       0.000000000    
   1.367254372       0.000000000       0.000000000    
  0.2137450457E-15  0.7893846797      -1.189204528    
 
Brillouin zone volume :   0.5194146236    
