 
Species :    1 (Bi), atom :    1
 APW functions :
  l =  0, energy derivative =  0 :   0.1014715480    
  l =  1, energy derivative =  0 :   0.1014715480    
  l =  2, energy derivative =  0 :   0.1014715480    
  l =  3, energy derivative =  0 :   0.1014715480    
  l =  4, energy derivative =  0 :   0.1014715480    
  l =  5, energy derivative =  0 :   0.1014715480    
  l =  6, energy derivative =  0 :   0.1014715480    
  l =  7, energy derivative =  0 :   0.1014715480    
  l =  8, energy derivative =  0 :   0.1014715480    
  l =  9, energy derivative =  0 :   0.1014715480    
 local-orbital functions :
  l.o. =  1, l =  0, energy derivative =  0 :   0.1014715480    
  l.o. =  1, l =  0, energy derivative =  1 :   0.1014715480    
  l.o. =  2, l =  1, energy derivative =  0 :   0.1014715480    
  l.o. =  2, l =  1, energy derivative =  1 :   0.1014715480    
  l.o. =  3, l =  2, energy derivative =  0 :   0.1014715480    
  l.o. =  3, l =  2, energy derivative =  1 :   0.1014715480    
  l.o. =  4, l =  2, energy derivative =  0 :   0.1014715480    
  l.o. =  4, l =  2, energy derivative =  0 :  -0.6243098357    
  l.o. =  5, l =  0, energy derivative =  0 :   0.1014715480    
  l.o. =  5, l =  0, energy derivative =  0 :  -0.6395643798E-01
  l.o. =  6, l =  3, energy derivative =  0 :   0.1014715480    
  l.o. =  6, l =  3, energy derivative =  1 :   0.1014715480    
  l.o. =  7, l =  4, energy derivative =  0 :   0.1014715480    
  l.o. =  7, l =  4, energy derivative =  1 :   0.1014715480    
  l.o. =  8, l =  0, energy derivative =  0 :  -0.6395643718E-01
  l.o. =  8, l =  0, energy derivative =  1 :  -0.6395643718E-01
  l.o. =  8, l =  0, energy derivative =  2 :  -0.6395643718E-01
  l.o. =  9, l =  1, energy derivative =  0 :   0.5466731757    
  l.o. =  9, l =  1, energy derivative =  1 :   0.5466731757    
  l.o. =  9, l =  1, energy derivative =  2 :   0.5466731757    
  l.o. = 10, l =  2, energy derivative =  0 :    1.546580268    
  l.o. = 10, l =  2, energy derivative =  1 :    1.546580268    
  l.o. = 10, l =  2, energy derivative =  2 :    1.546580268    
  l.o. = 11, l =  3, energy derivative =  0 :    1.248482625    
  l.o. = 11, l =  3, energy derivative =  1 :    1.248482625    
  l.o. = 11, l =  3, energy derivative =  2 :    1.248482625    
  l.o. = 12, l =  4, energy derivative =  0 :    2.503866278    
  l.o. = 12, l =  4, energy derivative =  1 :    2.503866278    
  l.o. = 12, l =  4, energy derivative =  2 :    2.503866278    
  l.o. = 13, l =  5, energy derivative =  0 :    3.785275145    
  l.o. = 13, l =  5, energy derivative =  1 :    3.785275145    
  l.o. = 13, l =  5, energy derivative =  2 :    3.785275145    
  l.o. = 14, l =  6, energy derivative =  0 :    5.128968435    
  l.o. = 14, l =  6, energy derivative =  1 :    5.128968435    
  l.o. = 14, l =  6, energy derivative =  2 :    5.128968435    
  l.o. = 15, l =  7, energy derivative =  0 :    6.587227819    
  l.o. = 15, l =  7, energy derivative =  1 :    6.587227819    
  l.o. = 15, l =  7, energy derivative =  2 :    6.587227819    
 
Species :    1 (Bi), atom :    2
 APW functions :
  l =  0, energy derivative =  0 :   0.1014715480    
  l =  1, energy derivative =  0 :   0.1014715480    
  l =  2, energy derivative =  0 :   0.1014715480    
  l =  3, energy derivative =  0 :   0.1014715480    
  l =  4, energy derivative =  0 :   0.1014715480    
  l =  5, energy derivative =  0 :   0.1014715480    
  l =  6, energy derivative =  0 :   0.1014715480    
  l =  7, energy derivative =  0 :   0.1014715480    
  l =  8, energy derivative =  0 :   0.1014715480    
  l =  9, energy derivative =  0 :   0.1014715480    
 local-orbital functions :
  l.o. =  1, l =  0, energy derivative =  0 :   0.1014715480    
  l.o. =  1, l =  0, energy derivative =  1 :   0.1014715480    
  l.o. =  2, l =  1, energy derivative =  0 :   0.1014715480    
  l.o. =  2, l =  1, energy derivative =  1 :   0.1014715480    
  l.o. =  3, l =  2, energy derivative =  0 :   0.1014715480    
  l.o. =  3, l =  2, energy derivative =  1 :   0.1014715480    
  l.o. =  4, l =  2, energy derivative =  0 :   0.1014715480    
  l.o. =  4, l =  2, energy derivative =  0 :  -0.6243098357    
  l.o. =  5, l =  0, energy derivative =  0 :   0.1014715480    
  l.o. =  5, l =  0, energy derivative =  0 :  -0.6395643798E-01
  l.o. =  6, l =  3, energy derivative =  0 :   0.1014715480    
  l.o. =  6, l =  3, energy derivative =  1 :   0.1014715480    
  l.o. =  7, l =  4, energy derivative =  0 :   0.1014715480    
  l.o. =  7, l =  4, energy derivative =  1 :   0.1014715480    
  l.o. =  8, l =  0, energy derivative =  0 :  -0.6395643718E-01
  l.o. =  8, l =  0, energy derivative =  1 :  -0.6395643718E-01
  l.o. =  8, l =  0, energy derivative =  2 :  -0.6395643718E-01
  l.o. =  9, l =  1, energy derivative =  0 :   0.5466731757    
  l.o. =  9, l =  1, energy derivative =  1 :   0.5466731757    
  l.o. =  9, l =  1, energy derivative =  2 :   0.5466731757    
  l.o. = 10, l =  2, energy derivative =  0 :    1.546580268    
  l.o. = 10, l =  2, energy derivative =  1 :    1.546580268    
  l.o. = 10, l =  2, energy derivative =  2 :    1.546580268    
  l.o. = 11, l =  3, energy derivative =  0 :    1.248482625    
  l.o. = 11, l =  3, energy derivative =  1 :    1.248482625    
  l.o. = 11, l =  3, energy derivative =  2 :    1.248482625    
  l.o. = 12, l =  4, energy derivative =  0 :    2.503866278    
  l.o. = 12, l =  4, energy derivative =  1 :    2.503866278    
  l.o. = 12, l =  4, energy derivative =  2 :    2.503866278    
  l.o. = 13, l =  5, energy derivative =  0 :    3.785275145    
  l.o. = 13, l =  5, energy derivative =  1 :    3.785275145    
  l.o. = 13, l =  5, energy derivative =  2 :    3.785275145    
  l.o. = 14, l =  6, energy derivative =  0 :    5.128968435    
  l.o. = 14, l =  6, energy derivative =  1 :    5.128968435    
  l.o. = 14, l =  6, energy derivative =  2 :    5.128968435    
  l.o. = 15, l =  7, energy derivative =  0 :    6.587227819    
  l.o. = 15, l =  7, energy derivative =  1 :    6.587227819    
  l.o. = 15, l =  7, energy derivative =  2 :    6.587227819    
