  0.4440058292E-18
  0.5917122078E-18
  0.3019327995E-17
  0.5910185976E-17
  0.8302911589E-17
  0.9614945323E-17
  0.1004085777E-16
  0.1029039480E-16
  0.1076661381E-16
  0.1083257789E-16
  0.1095080001E-16
  0.1085741273E-16
  0.1077867659E-16
  0.1083957160E-16
  0.1114467568E-16
  0.1097293121E-16
  0.1082475854E-16
