 -0.3383723103E-19  0.3170423808E-18 -0.3089989432E-18
 -0.5910111763E-20  0.3096463675E-18 -0.5041899786E-18
  0.2972557752E-17  0.3160132957E-18 -0.4247087799E-18
  0.5883627039E-17  0.3176655795E-18 -0.4607816375E-18
  0.8284002361E-17  0.3165942530E-18 -0.4619673314E-18
  0.9602036410E-17  0.3141583438E-18 -0.3864904648E-18
  0.1002649763E-16  0.3128871131E-18 -0.4362016403E-18
  0.1028018901E-16  0.3121355582E-18 -0.3354255569E-18
  0.1075658941E-16  0.3120655915E-18 -0.3440527370E-18
  0.1081612597E-16  0.3119067316E-18 -0.5087995461E-18
  0.1093815672E-16  0.3119272241E-18 -0.4236153680E-18
  0.1084003533E-16  0.3121498231E-18 -0.5287793245E-18
  0.1076600459E-16  0.3119849891E-18 -0.4191414895E-18
  0.1082456294E-16  0.3120156465E-18 -0.4772795810E-18
  0.1112428191E-16  0.3117774987E-18 -0.5974468063E-18
  0.1096232352E-16  0.3119595333E-18 -0.3679179656E-18
  0.1081616647E-16  0.3119711957E-18 -0.2976818377E-18
