  0.2563765349    
  0.1317415904    
  0.5267543592E-01
  0.1349329015E-01
  0.2539195325E-02
  0.2429773304E-03
  0.1243301262E-03
  0.1818741528E-04
  0.6413493574E-05
  0.1871477740E-05
  0.3689144763E-06
  0.1301083677E-06
  0.3091086337E-07
  0.8952585690E-08
  0.4282648783E-08
