 
(translation vectors and rotation matrices are in lattice coordinates)
 
  12 : nsymcrys
 
Crystal symmetry :    1
 spatial translation :
   0.000000000       0.000000000       0.000000000    
 spatial rotation :
   1   0   0
   0   1   0
   0   0   1
 global spin rotation :
   1   0   0
   0   1   0
   0   0   1
 
Crystal symmetry :    2
 spatial translation :
   0.000000000       0.000000000       0.000000000    
 spatial rotation :
  -1   0   0
   0  -1   0
   0   0  -1
 global spin rotation :
  -1   0   0
   0  -1   0
   0   0  -1
 
Crystal symmetry :    3
 spatial translation :
  0.5000000000      0.5000000000       0.000000000    
 spatial rotation :
   0   1  -1
  -1  -1   0
   0   0   1
 global spin rotation :
   0   1  -1
  -1  -1   0
   0   0   1
 
Crystal symmetry :    4
 spatial translation :
  0.5000000000      0.5000000000       0.000000000    
 spatial rotation :
   0   1  -1
   1   0   1
   0   0   1
 global spin rotation :
   0   1  -1
   1   0   1
   0   0   1
 
Crystal symmetry :    5
 spatial translation :
   0.000000000       0.000000000       0.000000000    
 spatial rotation :
   1   0   0
  -1  -1   0
   0   0   1
 global spin rotation :
   1   0   0
  -1  -1   0
   0   0   1
 
Crystal symmetry :    6
 spatial translation :
  0.5000000000       0.000000000       0.000000000    
 spatial rotation :
  -1  -1  -1
   0   1   0
   0   0   1
 global spin rotation :
  -1  -1  -1
   0   1   0
   0   0   1
 
Crystal symmetry :    7
 spatial translation :
  0.5000000000       0.000000000       0.000000000    
 spatial rotation :
  -1  -1  -1
   1   0   1
   0   0   1
 global spin rotation :
  -1  -1  -1
   1   0   1
   0   0   1
 
Crystal symmetry :    8
 spatial translation :
   0.000000000       0.000000000       0.000000000    
 spatial rotation :
  -1   0   0
   1   1   0
   0   0  -1
 global spin rotation :
  -1   0   0
   1   1   0
   0   0  -1
 
Crystal symmetry :    9
 spatial translation :
  0.5000000000      0.5000000000       0.000000000    
 spatial rotation :
   0  -1   1
  -1   0  -1
   0   0  -1
 global spin rotation :
   0  -1   1
  -1   0  -1
   0   0  -1
 
Crystal symmetry :   10
 spatial translation :
  0.5000000000      0.5000000000       0.000000000    
 spatial rotation :
   0  -1   1
   1   1   0
   0   0  -1
 global spin rotation :
   0  -1   1
   1   1   0
   0   0  -1
 
Crystal symmetry :   11
 spatial translation :
  0.5000000000       0.000000000       0.000000000    
 spatial rotation :
   1   1   1
  -1   0  -1
   0   0  -1
 global spin rotation :
   1   1   1
  -1   0  -1
   0   0  -1
 
Crystal symmetry :   12
 spatial translation :
  0.5000000000       0.000000000       0.000000000    
 spatial rotation :
   1   1   1
   0  -1   0
   0   0  -1
 global spin rotation :
   1   1   1
   0  -1   0
   0   0  -1
