    -43156.1551594    
    -43156.0146196    
    -43151.7284399    
    -43145.0813555    
    -43141.4562160    
    -43140.4078967    
    -43140.1741222    
    -43140.1520780    
    -43140.1425333    
    -43140.1415613    
    -43140.1416772    
    -43140.1417027    
    -43140.1416989    
    -43140.1416918    
    -43140.1416865    
    -43140.1416877    
    -43140.1416873    
