   0.000000000      -3.814039713    
   0.000000000       2.314957919    
 
  0.5539864594      -3.814039713    
  0.5539864594       2.314957919    
 
  0.7282195673      -3.814039713    
  0.7282195673       2.314957919    
 
   1.269694770      -3.814039713    
   1.269694770       2.314957919    
 
