  0.3326933753    
   1.342605135    
   2.074293852    
   7.584539047    
   7.111789534    
   4.235657596    
   1.285928030    
  0.2954529972    
  0.1189248263    
  0.4105195856E-01
  0.1843388677E-01
  0.4975151525E-02
  0.4818334055E-03
  0.4793417684E-03
  0.8897133375E-04
  0.1846596570E-04
  0.2044993016E-04
  0.4493253073E-05
