 
Species :    1 (Bi), atom :    1
 n =  1, l =  0, k =  1 :   -3323.733132    
 n =  2, l =  0, k =  1 :   -596.4197212    
 n =  2, l =  1, k =  1 :   -573.1166187    
 n =  2, l =  1, k =  2 :   -487.9389197    
 n =  3, l =  0, k =  1 :   -143.6737667    
 n =  3, l =  1, k =  1 :   -133.1346729    
 n =  3, l =  1, k =  2 :   -114.0662390    
 n =  3, l =  2, k =  2 :   -96.76417130    
 n =  3, l =  2, k =  3 :   -92.71928111    
 n =  4, l =  0, k =  1 :   -32.67893199    
 n =  4, l =  1, k =  1 :   -28.09965051    
 n =  4, l =  1, k =  2 :   -23.39079470    
 n =  4, l =  2, k =  2 :   -15.93526355    
 n =  4, l =  2, k =  3 :   -15.05647449    
 n =  4, l =  3, k =  3 :   -5.369231442    
 n =  4, l =  3, k =  4 :   -5.167265267    
 n =  5, l =  0, k =  1 :   -5.443371684    
 n =  5, l =  1, k =  1 :   -3.850142093    
 n =  5, l =  1, k =  2 :   -2.934905983    
 
Species :    1 (Bi), atom :    2
 n =  1, l =  0, k =  1 :   -3323.733132    
 n =  2, l =  0, k =  1 :   -596.4197212    
 n =  2, l =  1, k =  1 :   -573.1166187    
 n =  2, l =  1, k =  2 :   -487.9389197    
 n =  3, l =  0, k =  1 :   -143.6737667    
 n =  3, l =  1, k =  1 :   -133.1346729    
 n =  3, l =  1, k =  2 :   -114.0662390    
 n =  3, l =  2, k =  2 :   -96.76417130    
 n =  3, l =  2, k =  3 :   -92.71928111    
 n =  4, l =  0, k =  1 :   -32.67893199    
 n =  4, l =  1, k =  1 :   -28.09965051    
 n =  4, l =  1, k =  2 :   -23.39079470    
 n =  4, l =  2, k =  2 :   -15.93526355    
 n =  4, l =  2, k =  3 :   -15.05647449    
 n =  4, l =  3, k =  3 :   -5.369231442    
 n =  4, l =  3, k =  4 :   -5.167265267    
 n =  5, l =  0, k =  1 :   -5.443371684    
 n =  5, l =  1, k =  1 :   -3.850142093    
 n =  5, l =  1, k =  2 :   -2.934905983    
 
Species :    2 (Se), atom :    1
 n =  1, l =  0, k =  1 :   -458.2167627    
 n =  2, l =  0, k =  1 :   -58.54665313    
 n =  2, l =  1, k =  1 :   -52.53421730    
 n =  2, l =  1, k =  2 :   -51.00259281    
 n =  3, l =  0, k =  1 :   -7.412762809    
 n =  3, l =  1, k =  1 :   -5.356341354    
 n =  3, l =  1, k =  2 :   -5.140129039    
 
Species :    2 (Se), atom :    2
 n =  1, l =  0, k =  1 :   -458.2153394    
 n =  2, l =  0, k =  1 :   -58.54399802    
 n =  2, l =  1, k =  1 :   -52.53175241    
 n =  2, l =  1, k =  2 :   -51.00010372    
 n =  3, l =  0, k =  1 :   -7.409408233    
 n =  3, l =  1, k =  1 :   -5.352963303    
 n =  3, l =  1, k =  2 :   -5.136727969    
 
Species :    2 (Se), atom :    3
 n =  1, l =  0, k =  1 :   -458.2153394    
 n =  2, l =  0, k =  1 :   -58.54399802    
 n =  2, l =  1, k =  1 :   -52.53175241    
 n =  2, l =  1, k =  2 :   -51.00010372    
 n =  3, l =  0, k =  1 :   -7.409408233    
 n =  3, l =  1, k =  1 :   -5.352963303    
 n =  3, l =  1, k =  2 :   -5.136727969    
